$ python asym.py 1,2,3,4,5,6,7,8,9,12,20,50,100
tau3 = (159.35641805379483058 + 8.3937123720687620735j)  f'' = (0.272122458999 + 0.542987421932j)  A(tau3) = (-2.40672496956e-20 - 1.96095457281e-21j)
Stirling check at tau = tau3 and at tau = x*+2i, lambda = 3:  log[N_h G e^{-i pi 3 t}] - log[n^-13 A e^{n Phi_3}]  (Im mod 2 pi)
   tau=(159.35642 + 8.3937124j) n=  25  Re diff = -0.00544943  Im diff = 0.00240735   n*|diff| = 0.148937
   tau=(159.35642 + 8.3937124j) n=  50  Re diff = -0.00272507  Im diff = 0.00120373   n*|diff| = 0.148954
   tau=(159.35642 + 8.3937124j) n= 100  Re diff = -0.00136262  Im diff = 0.000601881   n*|diff| = 0.148963
   tau=(159.35642 + 8.3937124j) n= 200  Re diff = -0.000681333  Im diff = 0.000300944   n*|diff| = 0.148967
   tau=(159.35642 + 8.3937124j) n= 400  Re diff = -0.000340672  Im diff = 0.000150473   n*|diff| = 0.14897
   tau=(159.35642 + 8.3937124j) n= 800  Re diff = -0.000170337  Im diff = 7.52367e-5   n*|diff| = 0.148971
   tau=(159.35642 + 2.0j) n=  25  Re diff = -0.00318881  Im diff = 0.00765443   n*|diff| = 0.207302
   tau=(159.35642 + 2.0j) n=  50  Re diff = -0.00159479  Im diff = 0.00382721   n*|diff| = 0.207309
   tau=(159.35642 + 2.0j) n= 100  Re diff = -0.000797488  Im diff = 0.0019136   n*|diff| = 0.207313
   tau=(159.35642 + 2.0j) n= 200  Re diff = -0.000398767  Im diff = 0.000956803   n*|diff| = 0.207315
   tau=(159.35642 + 2.0j) n= 400  Re diff = -0.000199389  Im diff = 0.000478402   n*|diff| = 0.207316
   tau=(159.35642 + 2.0j) n= 800  Re diff = -9.9696e-5  Im diff = 0.000239201   n*|diff| = 0.207316
|B| = 7.76658627497e-20  beta = -3.61340550493  omega/pi = -466.613357473431  C0 = 750.711694833944314
n=   1  F_n(contour) = 6.38920228689e-348   lead = 7.08136397062e-348   ratio = 0.90225588   log|F|/n = -799.4450029  sign ok: True  (18s)
n=   2  F_n(contour) = 5.55324837425e-678   lead = 5.84301219495e-678   ratio = 0.95040849   log|F|/n = -779.719155  sign ok: True  (24s)
n=   3  F_n(contour) = -8.78768255676e-1006   lead = -9.09515533501e-1006   ratio = 0.96619378   log|F|/n = -771.4090842  sign ok: True  (29s)
n=   4  F_n(contour) = 7.25636521913e-1334   lead = 7.45072762782e-1334   ratio = 0.97391363   log|F|/n = -767.4166588  sign ok: True  (37s)
n=   5  F_n(contour) = 1.01690254757e-1660   lead = 1.03795429507e-1660   ratio = 0.97971804   log|F|/n = -764.4548986  sign ok: True  (43s)
n=   6  F_n(contour) = -1.08124508108e-1987   lead = -1.10010974194e-1987   ratio = 0.98285202   log|F|/n = -762.5264111  sign ok: True  (47s)
n=   7  F_n(contour) = -3.01275090951e-2315   lead = -3.05508660172e-2315   ratio = 0.98614256   log|F|/n = -761.3402338  sign ok: True  (52s)
n=   8  F_n(contour) = 2.96528569889e-2641   lead = 3.00372754565e-2641   ratio = 0.98720195   log|F|/n = -760.0050322  sign ok: True  (58s)
n=   9  F_n(contour) = -3.29554882348e-2968   lead = -3.33421113771e-2968   ratio = 0.98840436   log|F|/n = -759.208887  sign ok: True  (58s)
n=  12  F_n(contour) = -4.74191138555e-3949   lead = -4.79580413996e-3949   ratio = 0.98876252   log|F|/n = -757.6126743  sign ok: True  (11s)
n=  20  F_n(contour) = -3.61829631632e-6559   lead = -3.63626986485e-6559   ratio = 0.99505715   log|F|/n = -755.0684811  sign ok: True  (18s)
n=  50  F_n(contour) = 1.59341596172e-16344   lead = 1.59673382268e-16344   ratio = 0.9979221   log|F|/n = -752.6596976  sign ok: True  (50s)
n= 100  F_n(contour) = 4.60445723938e-32651   lead = 4.60801366024e-32651   ratio = 0.99922821   log|F|/n = -751.8017885  sign ok: True  (115s)
[567 s]
