$ python series_barnes.py barnes W 1,2,3
V_3 identity residual: 0
V_5 identity residual: 0
== config W n=1: h0=162 h1=48 |Krange|=67  laurent 0.2s
  s with A_s != 0: [7, 9, 11, 13, 15, 17, 19, 21]  window: [7, 9, 11, 13, 15, 17, 19, 21]  equal: True
  A0 (Lean, H_{k-h1}) == A0' (H_{k-1}): True
  m_j/n: [Fraction(63, 1), Fraction(63, 1), Fraction(62, 1), Fraction(61, 1), Fraction(60, 1), Fraction(60, 1)] ...  omega_lean == omega_zud for all p in Phi: True  min omega_p: 4
  log Delta_n / n ~ 902.701
  Lemma19: Delta*A integral for all: True  min slack 0  primes with zero slack (first 12): [13, 17, 19, 23, 29, 31, 37, 41, 43, 67, 71, 73]
  LaurentInt/LaurentVal/Supp/Symm/ressum failures: []
  max log10|coef| ~ 456.4 ; F_n = 6.3892022672339859747e-348 ; log|F_n| = -799.4450029421402 ; log|F_n|/n = -799.445002942
  FAILURES: 0 []   total 0.4s
[barnes W n=1] contour = 6.3892022868865630025e-348 (Im -1.59e-396), exact = 6.3892022672339859747e-348, rel.diff = 3.0759e-9  (21s)
== config W n=2: h0=322 h1=95 |Krange|=133  laurent 1.4s
  s with A_s != 0: [7, 9, 11, 13, 15, 17, 19, 21]  window: [7, 9, 11, 13, 15, 17, 19, 21]  equal: True
  A0 (Lean, H_{k-h1}) == A0' (H_{k-1}): True
  m_j/n: [Fraction(63, 1), Fraction(63, 1), Fraction(62, 1), Fraction(61, 1), Fraction(60, 1), Fraction(60, 1)] ...  omega_lean == omega_zud for all p in Phi: True  min omega_p: 3
  log Delta_n / n ~ 844.723
  Lemma19: Delta*A integral for all: True  min slack 0  primes with zero slack (first 12): [19, 29, 31, 37, 41, 43, 59, 61, 67, 71, 73, 79]
  LaurentInt/LaurentVal/Supp/Symm/ressum failures: []
  max log10|coef| ~ 926.5 ; F_n = 5.5532483742532531272e-678 ; log|F_n| = -1559.438310000763 ; log|F_n|/n = -779.719155
  FAILURES: 0 []   total 2.8s
[barnes W n=2] contour = 5.5532483742535124534e-678 (Im 1.26e-716), exact = 5.5532483742532531272e-678, rel.diff = 4.6698e-14  (28s)
== config W n=3: h0=482 h1=142 |Krange|=199  laurent 5.2s
  s with A_s != 0: [7, 9, 11, 13, 15, 17, 19, 21]  window: [7, 9, 11, 13, 15, 17, 19, 21]  equal: True
  A0 (Lean, H_{k-h1}) == A0' (H_{k-1}): True
  m_j/n: [Fraction(63, 1), Fraction(63, 1), Fraction(62, 1), Fraction(61, 1), Fraction(60, 1), Fraction(60, 1)] ...  omega_lean == omega_zud for all p in Phi: True  min omega_p: 2
  log Delta_n / n ~ 852.866
  Lemma19: Delta*A integral for all: True  min slack 0  primes with zero slack (first 12): [23, 29, 31, 37, 41, 43, 47, 53, 59, 61, 67, 71]
  LaurentInt/LaurentVal/Supp/Symm/ressum failures: []
  max log10|coef| ~ 1398.1 ; F_n = -8.7876825567624731349e-1006 ; log|F_n| = -2314.227252520493 ; log|F_n|/n = -771.409084173
  FAILURES: 0 []   total 8.4s
[barnes W n=3] contour = -8.7876825567627946253e-1006 (Im 6.88e-1039), exact = -8.7876825567624731349e-1006, rel.diff = 3.6584e-14  (39s)
[90 s]
