$ python random_cfg.py 7
(3, 7, 5, [1, 1, 1, 1, 1, 1, 1]) n=1 OK 
(3, 7, 5, [1, 1, 1, 1, 1, 1, 1]) n=2 OK 
(3, 7, 7, [1, 1, 1, 2, 2, 2, 2]) n=1 OK 
(3, 7, 7, [1, 1, 1, 2, 2, 2, 2]) n=2 OK 
(5, 9, 18, [1, 2, 3, 4, 4, 4, 4, 4, 4]) n=1 OK 
(5, 9, 18, [1, 2, 3, 4, 4, 4, 4, 4, 4]) n=2 OK 
(3, 9, 25, [1, 1, 10, 10, 10, 10, 10, 10, 10]) n=1 OK 
(3, 9, 25, [1, 1, 10, 10, 10, 10, 10, 10, 10]) n=2 OK 
(3, 9, 16, [5, 5, 5, 5, 5, 5, 5, 5, 5]) n=1 OK 
(3, 9, 16, [5, 5, 5, 5, 5, 5, 5, 5, 5]) n=2 OK 
(3, 7, 18, [1, 1, 1, 2, 2, 4, 6]) n=1 OK 
(3, 7, 18, [1, 1, 1, 2, 2, 4, 6]) n=2 OK 
(3, 9, 19, [1, 1, 2, 2, 2, 4, 4, 7, 9]) n=1 OK 
(3, 9, 19, [1, 1, 2, 2, 2, 4, 4, 7, 9]) n=2 OK 
(3, 9, 17, [2, 3, 4, 4, 5, 5, 6, 8, 8]) n=1 OK 
(3, 9, 17, [2, 3, 4, 4, 5, 5, 6, 8, 8]) n=2 OK 
(3, 9, 8, [1, 1, 1, 2, 2, 3, 3, 3, 3]) n=1 OK 
(3, 9, 8, [1, 1, 1, 2, 2, 3, 3, 3, 3]) n=2 OK 
(3, 9, 15, [1, 2, 3, 3, 4, 4, 5, 6, 6]) n=1 OK 
(3, 9, 15, [1, 2, 3, 3, 4, 4, 5, 6, 6]) n=2 OK 
(3, 9, 7, [1, 1, 1, 1, 2, 2, 2, 2, 3]) n=1 OK 
(3, 9, 7, [1, 1, 1, 1, 2, 2, 2, 2, 3]) n=2 OK 
(3, 9, 18, [3, 3, 4, 5, 5, 6, 7, 7, 7]) n=1 OK 
(3, 9, 18, [3, 3, 4, 5, 5, 6, 7, 7, 7]) n=2 OK 
(3, 7, 10, [1, 2, 2, 2, 3, 3, 4]) n=1 OK 
(3, 7, 10, [1, 2, 2, 2, 3, 3, 4]) n=2 OK 
(3, 9, 25, [1, 1, 2, 2, 3, 6, 9, 10, 10]) n=1 OK 
(3, 9, 25, [1, 1, 2, 2, 3, 6, 9, 10, 10]) n=2 OK 
configs with failures: 0
[1 s]
