$ python saddle_indep.py
deg P = 27
C_eta = 1275.776112723758819
tau = -14.9196391461655927                         
tau = (0.643581946205169416 - 8.39371237206876207j) lambda = (-3.0 - 3.9616946e-61j)      Re f0 = -750.71169483394
tau = (0.643581946205169416 + 8.39371237206876207j) lambda = (3.0 - 3.9616946e-61j)       Re f0 = -750.71169483394
tau = (5.62487054960616893 - 2.88061995895993683j)  lambda = (-1.0 - 1.1885084e-60j)      Re f0 = -786.61019262933
tau = (5.62487054960616893 + 2.88061995895993683j)  lambda = (1.0 - 1.1885084e-60j)       Re f0 = -786.61019262933
tau = (80.0 - 75.8017539613967939j)                 lambda = (-7.0 + 0.0j)                Re f0 = 54.081061826459
tau = (80.0 - 43.9617271713236042j)                 lambda = (-9.0 + 0.0j)                Re f0 = 411.8776054459
tau = (80.0 - 30.220720574834627j)                  lambda = (-11.0 + 0.0j)               Re f0 = 640.68502490611
tau = (80.0 - 21.7773817426914451j)                 lambda = (-13.0 + 0.0j)               Re f0 = 802.32048689486
tau = (80.0 - 15.7251237201004949j)                 lambda = (-15.0 + 0.0j)               Re f0 = 919.2555758786
tau = (80.0 - 10.9655889651655093j)                 lambda = (-17.0 + 0.0j)               Re f0 = 1002.6017874751
tau = (80.0 - 6.9585298175665907j)                  lambda = (-19.0 + 0.0j)               Re f0 = 1058.6154632187
tau = (80.0 - 3.38059464481789927j)                 lambda = (-21.0 + 0.0j)               Re f0 = 1090.9380918118
tau = 80.0                                         
tau = (80.0 + 3.38059464481789927j)                 lambda = (21.0 + 0.0j)                Re f0 = 1090.9380918118
tau = (80.0 + 6.9585298175665907j)                  lambda = (19.0 + 0.0j)                Re f0 = 1058.6154632187
tau = (80.0 + 10.9655889651655093j)                 lambda = (17.0 + 0.0j)                Re f0 = 1002.6017874751
tau = (80.0 + 15.7251237201004949j)                 lambda = (15.0 + 0.0j)                Re f0 = 919.2555758786
tau = (80.0 + 21.7773817426914451j)                 lambda = (13.0 + 0.0j)                Re f0 = 802.32048689486
tau = (80.0 + 30.220720574834627j)                  lambda = (11.0 + 0.0j)                Re f0 = 640.68502490611
tau = (80.0 + 43.9617271713236042j)                 lambda = (9.0 + 0.0j)                 Re f0 = 411.8776054459
tau = (80.0 + 75.8017539613967939j)                 lambda = (7.0 + 0.0j)                 Re f0 = 54.081061826459
tau = (154.375129450393831 - 2.88061995895993683j)  lambda = (-1.0 - 1.5846778e-60j)      Re f0 = -786.61019262933
tau = (154.375129450393831 + 2.88061995895993683j)  lambda = (1.0 - 1.5846778e-60j)       Re f0 = -786.61019262933
tau = (159.356418053794831 - 8.39371237206876207j)  lambda = (-3.0 + 3.9616946e-61j)      Re f0 = -750.71169483394
tau = (159.356418053794831 + 8.39371237206876207j)  lambda = (3.0 + 3.9616946e-61j)       Re f0 = -750.71169483394
tau = 174.919639146165593                          
lambda=3 roots: ['(0.643581946205 + 8.39371237207j)', '(159.356418054 + 8.39371237207j)']
tau3 = (159.3564180537948305836635 + 8.393712372068762073479653j)
f'(tau3)/(i pi) = (3.0 + 3.961694569631940995077517e-61j)
f''(tau3) = (0.272122458998637 + 0.542987421931686j)
C0 = -Re f0(tau3) = 750.7116948339443136819605
omega/pi = Im f0(tau3)/pi = -466.613357473430601015886
check f(tau3) - tau3 f'(tau3) - f0(tau3) = 3.9827e-58
C0 - C2 = 3.66038904427003
lambda=1 saddle (5.62487054960617 + 2.88061995895994j)  Re f0 = -786.610192629325
lambda=1 saddle (154.375129450394 + 2.88061995895994j)  Re f0 = -786.610192629325
u(0) = Re f(x*) = -767.130018491448
lambda=3: grid max -750.711700 at y=8.400 ; refined max u = -750.711694833944 at y = 8.39371237207
lambda=1: grid max -766.472695 at y=0.450 ; refined max u = -766.472673487943 at y = 0.447165711757
u3 unimodal on grid [-300,300] step 0.1: True
u3(y*+-0.25) + C0 = -0.0084709222 -0.0085379017
u3(y*+-1) + C0 = -0.13405494 -0.1383699
u3(y*+-2) + C0 = -0.52910194 -0.56437501
u3(y*+-5) + C0 = -3.1960139 -3.856621
[34 s]
