n=1: poles 51..111, max order 18, Laurent data in 1.1s
A_s = 0 for s = [5, 6, 8, 10, 12, 14, 16, 18, 20, 22]
A_s != 0 for s = [7, 9, 11, 13, 15, 17, 19, 21]
symmetry B_{j,h0-k} = (-1)^j B_{j,k}: True
max log10|coefficient| ~ 456
linear form: log|F| = -799.4450029421401698471  sign +
m_j/n = [63, 63, 62, 61, 60, 60, 60, 60, 60, 60, 60, 60, 60, 60, 60, 60, 60, 60]  (exact multiples: True )
Phi_n primes and omega_p: {13: 12, 17: 13, 19: 9, 23: 9, 29: 13, 31: 8, 37: 4, 41: 6, 43: 7, 47: 8, 53: 15, 59: 12}
Delta*A0 in Z: True  Delta*A_s in Z for all s: True
slack v_p(Delta*coeffs) at primes of Phi: {13: 0, 17: 0, 19: 0, 23: 0, 29: 0, 31: 0, 37: 0, 41: 0, 43: 0, 47: 1, 53: 2, 59: 3}
slack at small primes: {2: 62, 3: 31, 5: 26, 7: 29, 11: 7}
log(Delta)/n = 902.7008
LaurentSupp violations: 0  LaurentInt violations (D_m0^(q-j) B): 0  LaurentVal violations (p^2 > h0, p <= 2h0+2): 0
rough: D_m0^(q-s-1) A_s in Z: True
n=2: poles 101..221, max order 18, Laurent data in 6.7s
A_s = 0 for s = [5, 6, 8, 10, 12, 14, 16, 18, 20, 22]
A_s != 0 for s = [7, 9, 11, 13, 15, 17, 19, 21]
symmetry B_{j,h0-k} = (-1)^j B_{j,k}: True
max log10|coefficient| ~ 927
linear form: log|F| = -1559.438310000763329957  sign +
m_j/n = [63, 63, 62, 61, 60, 60, 60, 60, 60, 60, 60, 60, 60, 60, 60, 60, 60, 60]  (exact multiples: True )
Phi_n primes and omega_p: {19: 12, 23: 8, 29: 8, 31: 7, 37: 9, 41: 6, 43: 7, 47: 8, 53: 15, 59: 13, 61: 9, 67: 3, 71: 4, 73: 4, 79: 6, 83: 7, 89: 8, 97: 15, 101: 16, 103: 16, 107: 15, 109: 13, 113: 13}
Delta*A0 in Z: True  Delta*A_s in Z for all s: True
slack v_p(Delta*coeffs) at primes of Phi: {19: 0, 23: 1, 29: 0, 31: 0, 37: 0, 41: 0, 43: 0, 47: 1, 53: 1, 59: 0, 61: 0, 67: 0, 71: 0, 73: 0, 79: 0, 83: 0, 89: 0, 97: 0, 101: 0, 103: 1, 107: 3, 109: 0, 113: 1}
slack at small primes: {2: 63, 3: 29, 5: 30, 7: 25, 11: 12, 13: 8, 17: 8}
log(Delta)/n = 844.7231
LaurentSupp violations: 0  LaurentInt violations (D_m0^(q-j) B): 0  LaurentVal violations (p^2 > h0, p <= 2h0+2): 0
rough: D_m0^(q-s-1) A_s in Z: True
