deg P = 27  leading coeff = 336
root                                             f'/(i pi)                    Re f0 / Im f0/pi
(174.9196391461656 + 0.0j)                       (on a cut)
(159.3564180537948 - 8.393712372068762j)         (-3.0 + 3.2374216e-48j)      -750.71169483394  466.61335747343
(159.3564180537948 + 8.393712372068762j)         (3.0 + 3.2374216e-48j)       -750.71169483394  -466.61335747343
(154.3751294503938 + 2.880619958959937j)         (1.0 - 1.1982133e-47j)       -786.61019262933  -154.04680021327
(154.3751294503938 - 2.880619958959937j)         (-1.0 - 1.1982133e-47j)      -786.61019262933  154.04680021327
(80.0 + 0.0j)                                    (23.0 + 0.0j)                1101.5083403351  -2408.0
(80.0 - 3.380594644817899j)                      (-21.0 - 2.5109502e-43j)     1090.9380918118  2248.0
(80.0 + 3.380594644817899j)                      (21.0 - 2.5109502e-43j)      1090.9380918118  -2248.0
(80.0 + 6.958529817566591j)                      (19.0 - 3.1519512e-44j)      1058.6154632187  -2088.0
(80.0 - 6.958529817566591j)                      (-19.0 - 3.1519512e-44j)     1058.6154632187  2088.0
(80.0 + 10.96558896516551j)                      (17.0 - 1.9281844e-44j)      1002.6017874751  -1928.0
(80.0 - 10.96558896516551j)                      (-17.0 - 1.9281844e-44j)     1002.6017874751  1928.0
(80.0 - 15.72512372010049j)                      (-15.0 - 1.0732304e-44j)     919.2555758786  1768.0
(80.0 + 15.72512372010049j)                      (15.0 - 1.0732304e-44j)      919.2555758786  -1768.0
(80.0 - 21.77738174269145j)                      (-13.0 + 1.5555621e-47j)     802.32048689486  1608.0
(80.0 + 21.77738174269145j)                      (13.0 + 1.5555621e-47j)      802.32048689486  -1608.0
(80.0 + 30.22072057483463j)                      (11.0 - 1.9961273e-47j)      640.68502490611  -1448.0
(80.0 - 30.22072057483463j)                      (-11.0 - 1.9961273e-47j)     640.68502490611  1448.0
(80.0 - 43.9617271713236j)                       (-9.0 + 3.4681886e-50j)      411.8776054459  1288.0
(80.0 + 43.9617271713236j)                       (9.0 + 3.4681886e-50j)       411.8776054459  -1288.0
(80.0 - 75.80175396139679j)                      (-7.0 + 4.8665931e-55j)      54.081061826459  1128.0
(80.0 + 75.80175396139679j)                      (7.0 + 4.8665931e-55j)       54.081061826459  -1128.0
(5.624870549606169 + 2.880619958959937j)         (1.0 - 1.1885084e-60j)       -786.61019262933  -1141.9531997867
(5.624870549606169 - 2.880619958959937j)         (-1.0 - 1.1885084e-60j)      -786.61019262933  1141.9531997867
(0.6435819462051694 + 8.393712372068762j)        (3.0 + 0.0j)                 -750.71169483394  -1149.3866425266
(0.6435819462051694 - 8.393712372068762j)        (-3.0 + 0.0j)                -750.71169483394  1149.3866425266
(-14.91963914616559 + 0.0j)                      (on a cut)
lambda=3 roots with Im>0: ['(0.643581946205 + 8.39371237207j)', '(159.356418054 + 8.39371237207j)']

tau3        = (159.356418053794830583663509361 + 8.39371237206876207347965336941j)
f'(tau3)/(i pi) = (3.0 - 3.961694569631940995077517e-61j)
f''(tau3)   = (0.27212245899863666045 + 0.54298742193168633591j)
f0(tau3)    = (-750.711694833944313681960496431 - 1465.90909590539762207106350328j)
check f - tau f' = (1.9117e-57 + 0.0j)
C0          = 750.7116948339443136819605
omega/pi    = -466.613357473430601015886  dist to Z: 0.3866425266
max-Re root with Im>0: (159.35641805379483058 + 8.3937123720687620735j)  same as tau3: True
lambda=1 saddle: (154.37512945039383107 + 2.8806199589599368271j)  Re f0 = -786.610192629325
lambda=1 saddle: (5.6248705496061689345 + 2.8806199589599368271j)  Re f0 = -786.610192629325

line Re tau = x* = 159.35641805379483058
grid [-100,300] step 0.05: max u3 = -750.711700212493 at y=8.4 ; max u1 = -766.472695451 at y=0.45
u3 strictly increasing before / decreasing after the max on the grid: True True
gap u3(y*+-0.25) - u3(y*) = -0.00847092, -0.0085379
gap u3(y*+-1) - u3(y*) = -0.134055, -0.13837
gap u3(y*+-2) - u3(y*) = -0.529102, -0.564375
gap u3(y*+-5) - u3(y*) = -3.19601, -3.85662
u(0) = Re f(x*) = -767.130018491448
