config q23_160 degree 27 nroots 27
sum eta = 1272  bound eta0(q-r)/2 = 1440.0
      Re tau       Im tau |   Re lam   Im lam |        Re f0     Im f0/pi
  174.919639     0.000000 |  -5.0000   0.0000 |    -701.6979     800.0000
  159.356418     8.393712 |   3.0000  -0.0000 |    -750.7117    -466.6134
  159.356418    -8.393712 |  -3.0000  -0.0000 |    -750.7117     466.6134
  154.375129     2.880620 |   1.0000   0.0000 |    -786.6102    -154.0468
  154.375129    -2.880620 |  -1.0000   0.0000 |    -786.6102     154.0468
   80.000000    75.801754 |   7.0000   0.0000 |      54.0811   -1128.0000
   80.000000    43.961727 |   9.0000   0.0000 |     411.8776   -1288.0000
   80.000000    30.220721 |  11.0000   0.0000 |     640.6850   -1448.0000
   80.000000    21.777382 |  13.0000   0.0000 |     802.3205   -1608.0000
   80.000000    15.725124 |  15.0000   0.0000 |     919.2556   -1768.0000
   80.000000    10.965589 |  17.0000   0.0000 |    1002.6018   -1928.0000
   80.000000     6.958530 |  19.0000   0.0000 |    1058.6155   -2088.0000
   80.000000     3.380595 |  21.0000   0.0000 |    1090.9381   -2248.0000
   80.000000     0.000000 |  23.0000   0.0000 |    1101.5083   -2408.0000
   80.000000    -3.380595 | -21.0000   0.0000 |    1090.9381    2248.0000
   80.000000    -6.958530 | -19.0000   0.0000 |    1058.6155    2088.0000
   80.000000   -10.965589 | -17.0000   0.0000 |    1002.6018    1928.0000
   80.000000   -15.725124 | -15.0000   0.0000 |     919.2556    1768.0000
   80.000000   -21.777382 | -13.0000   0.0000 |     802.3205    1608.0000
   80.000000   -30.220721 | -11.0000   0.0000 |     640.6850    1448.0000
   80.000000   -43.961727 |  -9.0000   0.0000 |     411.8776    1288.0000
   80.000000   -75.801754 |  -7.0000   0.0000 |      54.0811    1128.0000
    5.624871     2.880620 |   1.0000   0.0000 |    -786.6102   -1141.9532
    5.624871    -2.880620 |  -1.0000   0.0000 |    -786.6102    1141.9532
    0.643582     8.393712 |   3.0000  -0.0000 |    -750.7117   -1149.3866
    0.643582    -8.393712 |  -3.0000  -0.0000 |    -750.7117    1149.3866
  -14.919639     0.000000 |   5.0000  -0.0000 |    -701.6979   -1136.0000
mu0 (lambda=0 real saddle) = 153.884984143279598208337698243783296211  f(mu0) = -791.1344032510157813928389191205606045625  f''(mu0) = 1.09101031894351677350027045721592646728
saddle k=3: tau=(159.356418054 + 8.39371237207j)  Phi_k(tau)=(-750.711694834 - 1465.90909591j)  f0=(-750.711694834 - 1465.90909591j)  Phi2=(0.27212246 + 0.54298742j)  |Phi2|=0.607360 arg=1.106223
   descent directions theta = 1.01768 rad (58.31 deg) and opposite
saddle k=1: tau=(154.37512945 + 2.88061995896j)  Phi_k(tau)=(-786.610192629 - 483.952295859j)  f0=(-786.610192629 - 483.952295859j)  Phi2=(0.97228311 + 0.33883993j)  |Phi2|=1.029634 arg=0.335337
   descent directions theta = 1.40313 rad (80.39 deg) and opposite
real profile f(x) on gap:
   x= 113.5000  f=    -93.3855  fp=  -50.3558
   x= 120.0000  f=   -335.1758  fp=  -29.6763
   x= 130.0000  f=   -568.5084  fp=  -18.1975
   x= 140.0000  f=   -711.5084  fp=  -10.6940
   x= 150.0000  f=   -783.8247  fp=   -3.5839
   x= 153.8850  f=   -791.1344  fp=    0.0000
   x= 155.0000  f=   -790.4239  fp=    1.3066
   x= 158.0000  f=   -779.5071  fp=    6.6510
   x= 159.0000  f=   -771.2007  fp=   10.3578
   x= 159.3564  f=   -767.1302  fp=   12.6456
   x= 159.9000  f=   -758.4344  fp=   22.0825
   x= 159.9900  f=   -756.1111  fp=   33.6163
cut profile Re f(x+i0) for x>e0 (terms of the sum; branch lambda=5):
   x= 160.0000  Re f=   -755.7249  Im fp/pi=  5.0000
   x= 160.0100  Re f=   -755.3387  Im fp/pi=  5.0000
   x= 160.1000  Re f=   -753.0132  Im fp/pi=  5.0000
   x= 160.5000  Re f=   -746.1668  Im fp/pi=  5.0000
   x= 161.0000  Re f=   -740.0172  Im fp/pi=  5.0000
   x= 162.0000  Re f=   -731.0147  Im fp/pi=  5.0000
   x= 165.0000  Re f=   -715.2141  Im fp/pi=  5.0000
   x= 170.0000  Re f=   -704.2154  Im fp/pi=  5.0000
   x= 180.0000  Re f=   -703.5304  Im fp/pi=  5.0000
   x= 210.0000  Re f=   -745.0454  Im fp/pi=  5.0000
vertical line through tau_3 (Re Phi_3 and Re Phi_1):
   y= -40.000  RePhi3=  -1607.7964  RePhi1=  -1356.4690  Im fp/pi= -4.8255
   y= -20.000  RePhi3=  -1143.9271  RePhi1=  -1018.2634  Im fp/pi= -3.8475
   y= -10.000  RePhi3=   -939.5503  RePhi1=   -876.7184  Im fp/pi= -3.1345
   y=  -5.000  RePhi3=   -846.6403  RePhi1=   -815.2244  Im fp/pi= -2.6698
   y=  -2.000  RePhi3=   -795.2385  RePhi1=   -782.6721  Im fp/pi= -2.1545
   y=   0.000  RePhi3=   -767.1300  RePhi1=   -767.1300  Im fp/pi=  0.0000
   y=   2.000  RePhi3=   -757.5394  RePhi1=   -770.1057  Im fp/pi=  2.1545
   y=   4.000  RePhi3=   -753.6195  RePhi1=   -778.7522  Im fp/pi=  2.5454
   y=   6.000  RePhi3=   -751.5271  RePhi1=   -789.2263  Im fp/pi=  2.7772
   y=   8.000  RePhi3=   -750.7329  RePhi1=   -800.9984  Im fp/pi=  2.9656
   y=   8.394  RePhi3=   -750.7117  RePhi1=   -803.4509  Im fp/pi=  3.0000
   y=  10.000  RePhi3=   -751.0547  RePhi1=   -813.8866  Im fp/pi=  3.1345
   y=  12.000  RePhi3=   -752.3993  RePhi1=   -827.7976  Im fp/pi=  3.2919
   y=  15.000  RePhi3=   -756.2033  RePhi1=   -850.4511  Im fp/pi=  3.5126
   y=  20.000  RePhi3=   -766.9360  RePhi1=   -892.5997  Im fp/pi=  3.8475
   y=  30.000  RePhi3=   -802.7116  RePhi1=   -991.2072  Im fp/pi=  4.4059
   y=  50.000  RePhi3=   -916.1550  RePhi1=  -1230.3143  Im fp/pi=  5.1253
   y=  80.000  RePhi3=  -1140.6297  RePhi1=  -1643.2845  Im fp/pi=  5.5467
   y= 120.000  RePhi3=  -1468.1142  RePhi1=  -2222.0965  Im fp/pi=  5.6198
   y= 200.000  RePhi3=  -2110.4707  RePhi1=  -3367.1078  Im fp/pi=  5.4825
descent from k=3 saddle (159.35642 + 8.3937124j) dir +1: end after 15126 steps at (225.72722 + 300.01086j), RePhi_k there = -2893.312
      (159.35694 + 8.3945633j)  RePhi=-750.7117
      (172.60878 + 29.82216j)  RePhi=-847.9163
      (183.59656 + 52.486567j)  RePhi=-1014.0413
      (192.3473 + 76.110529j)  RePhi=-1198.6704
      (199.35552 + 100.31211j)  RePhi=-1389.4555
      (205.03145 + 124.86217j)  RePhi=-1581.7800
      (209.68506 + 149.62736j)  RePhi=-1773.6730
      (213.54706 + 174.52884j)  RePhi=-1964.2780
      (216.78938 + 199.51887j)  RePhi=-2153.2559
      (219.54107 + 224.56787j)  RePhi=-2340.5182
      (221.89983 + 249.65702j)  RePhi=-2526.0980
      (223.94041 + 274.77413j)  RePhi=-2710.0847
      (225.72061 + 299.91108j)  RePhi=-2892.5902
descent from k=3 saddle (159.35642 + 8.3937124j) dir -1: end after 465 steps at (155.53534 - 0.011447576j), RePhi_k there = -789.646
      (159.35589 + 8.3928615j)  RePhi=-750.7117
      (158.95949 + 7.7444331j)  RePhi=-750.8932
      (158.56974 + 7.0919862j)  RePhi=-751.4603
      (158.1883 + 6.434643j)  RePhi=-752.4518
      (157.8172 + 5.7714205j)  RePhi=-753.9110
      (157.4588 + 5.1012475j)  RePhi=-755.8854
      (157.11593 + 4.4230089j)  RePhi=-758.4263
      (156.79179 + 3.735629j)  RePhi=-761.5863
      (156.4899 + 3.0382018j)  RePhi=-765.4165
      (156.21384 + 2.3301617j)  RePhi=-769.9615
      (155.96691 + 1.6114555j)  RePhi=-775.2535
      (155.75165 + 0.88264484j)  RePhi=-781.3072
      (155.56945 + 0.14487356j)  RePhi=-788.1177
descent from k=1 saddle (154.37513 + 2.88062j) dir +1: end after 15060 steps at (193.46555 + 300.01189j), RePhi_k there = -4764.031
      (154.3753 + 2.8816059j)  RePhi=-786.6102
      (162.29791 + 26.66991j)  RePhi=-967.8705
      (169.73801 + 50.635103j)  RePhi=-1277.6923
      (175.40299 + 75.082884j)  RePhi=-1620.4085
      (179.6899 + 99.811705j)  RePhi=-1973.4647
      (182.97679 + 124.69435j)  RePhi=-2328.8468
      (185.54109 + 149.66238j)  RePhi=-2683.4089
      (187.578 + 174.67925j)  RePhi=-3035.9495
      (189.22421 + 199.72502j)  RePhi=-3386.0991
      (190.57614 + 224.78848j)  RePhi=-3733.8479
      (191.70267 + 249.86312j)  RePhi=-4079.3354
      (192.65375 + 274.94506j)  RePhi=-4422.7532
descent from k=1 saddle (154.37513 + 2.88062j) dir -1: end after 146 steps at (154.04679 - 0.00022459157j), RePhi_k there = -791.121
      (154.37496 + 2.879634j)  RePhi=-786.6102
      (154.33591 + 2.6428328j)  RePhi=-786.6402
      (154.29888 + 2.4057082j)  RePhi=-786.7303
      (154.26391 + 2.1682703j)  RePhi=-786.8813
      (154.23105 + 1.9305316j)  RePhi=-787.0936
      (154.20033 + 1.6925058j)  RePhi=-787.3681
      (154.1718 + 1.4542083j)  RePhi=-787.7050
      (154.14549 + 1.215656j)  RePhi=-788.1050
      (154.12142 + 0.97686693j)  RePhi=-788.5682
      (154.09962 + 0.73786041j)  RePhi=-789.0950
      (154.08009 + 0.49865672j)  RePhi=-789.6856
      (154.06286 + 0.25927696j)  RePhi=-790.3399
      (154.04793 + 0.019742859j)  RePhi=-791.0580
