=== (1) certified margin arithmetic (exact rationals)
C0prime_lower[simple] = 750.6183158756477496091096  (exact rational from certificate_exact_x159_p181_20_Y60.json; float display in the log was 750.6183158756477951)
C0prime_lower[sharp] = 750.7116742473916946291181  (exact rational from certificate_exact_x3984_25_p26208_3125_Y60.json; float display in the log was 750.7116742473916702)
C0prime_lower[p9] = 750.0859958360402801287316  (exact rational from certificate_exact_x159_p9_Y60.json; float display in the log was 750.0859958360402970)
C2  in [747.051305789674284198128446843, 747.051305789674284198128447044]
C2' in [729.051305789674284198128446843, 729.051305789674284198128447044]   (C2' = C2 - G, G = 18 exactly)
C0  in [750.7116948339443136819584249, 750.7116948339443136819625544]   (window-21-proof certify_q23_160, used only by routes R3/R4)
route R1 (simple): C0' - C2' >= 21.56701008597346541098
route R1 (sharp ): C0' - C2' >= 21.66036845771741043098
route R1 (p9    ): C0' - C2' >= 21.03469004636599593060
route R2 (simple): C0' - C2  >= 3.56701008597346541098
route R2 (sharp ): C0' - C2  >= 3.66036845771741043098
route R3         : C0  - C2' >= 21.66038904427002948382
route R4         : C0  - C2  >= 3.66038904427002948382

=== (2) Q_1 from the telescoping ratio (5.1) at n = 1/63 (independent code)
Q_1 = 984698059590803/1545332660300000  (claimed 984698059590803/1545332660300000): True
num(Q_1) = 984698059590803 prime: True  residue mod 63: 47  (bad residue would be 62)
den(Q_1) = 1545332660300000 = {2: 5, 5: 5, 11: 7, 13: 1, 61: 1}  (all primes < 251 = smallest aux prime)

=== (3) refined exponent at the auxiliary prime l = 63n-1 vs Theorem N (-v_l(c0) = 5), n even, l prime, n <= 400
n=   4 l=   251  e_L19=6 e_PP=8 e_BPP=5 e_REF=5  far poles (k,o_k,V_k)=[(440, 2, 1), (441, 2, 1)]  nu=0  OK
n=   8 l=   503  e_L19=6 e_PP=8 e_BPP=5 e_REF=5  far poles (k,o_k,V_k)=[(880, 2, 1), (881, 2, 1)]  nu=0  OK
n=  14 l=   881  e_L19=6 e_PP=8 e_BPP=5 e_REF=5  far poles (k,o_k,V_k)=[(1540, 2, 1), (1541, 2, 1)]  nu=0  OK
n=  20 l=  1259  e_L19=6 e_PP=8 e_BPP=5 e_REF=5  far poles (k,o_k,V_k)=[(2200, 2, 1), (2201, 2, 1)]  nu=0  OK
n=  24 l=  1511  e_L19=6 e_PP=8 e_BPP=5 e_REF=5  far poles (k,o_k,V_k)=[(2640, 2, 1), (2641, 2, 1)]  nu=0  OK
n=  26 l=  1637  e_L19=6 e_PP=8 e_BPP=5 e_REF=5  far poles (k,o_k,V_k)=[(2860, 2, 1), (2861, 2, 1)]  nu=0  OK
n=  30 l=  1889  e_L19=6 e_PP=8 e_BPP=5 e_REF=5  far poles (k,o_k,V_k)=[(3300, 2, 1), (3301, 2, 1)]  nu=0  OK
checked 77 auxiliary primes; failures: 0; (e_L19, e_PP, e_BPP, e_REF) pattern counts: {(6, 8, 5, 5): 77}

ALL FINAL CHECKS PASSED
